
> shattered-crown-dnd@1.0.0 dev
> vite --port 5174 --host 127.0.0.1


  [32m[1mVITE[22m v5.4.21[39m  [2mready in [0m[1m1988[22m[2m[0m ms[22m

  [32m➜[39m  [1mLocal[22m:   [36mhttp://127.0.0.1:[1m5174[22m/[39m
[2m19:44:31[22m [36m[1m[vite][22m[39m [32mhmr update [39m[2m/src/components/StartDND.tsx, /src/index.css[22m
[2m19:44:46[22m [36m[1m[vite][22m[39m [32mhmr update [39m[2m/src/components/StartDND.tsx, /src/index.css[22m
[2m19:44:53[22m [36m[1m[vite][22m[39m [32mhmr update [39m[2m/src/styles/game.css[22m
[2m19:44:59[22m [36m[1m[vite][22m[39m [32mhmr update [39m[2m/src/styles/game.css[22m
[2m19:45:20[22m [36m[1m[vite][22m[39m [32mhmr update [39m[2m/src/styles/game.css[22m
[2m19:45:33[22m [36m[1m[vite][22m[39m [32mhmr update [39m[2m/src/styles/game.css[22m
[2m19:45:39[22m [36m[1m[vite][22m[39m [32mhmr update [39m[2m/src/styles/base.css[22m
[2m19:45:43[22m [36m[1m[vite][22m[39m [32mhmr update [39m[2m/src/styles/game.css[22m
[2m19:45:47[22m [36m[1m[vite][22m[39m [32mhmr update [39m[2m/src/styles/game.css[22m
[2m20:01:07[22m [36m[1m[vite][22m[39m [32mhmr update [39m[2m/src/components/BattleTestScreen.tsx, /src/index.css[22m
[2m20:01:11[22m [36m[1m[vite][22m[39m [32mhmr update [39m[2m/src/components/BattleTestScreen.tsx, /src/index.css[22m
[2m20:01:17[22m [36m[1m[vite][22m[39m [32mhmr update [39m[2m/src/components/BattleTestScreen.tsx, /src/index.css[22m
[2m20:01:24[22m [36m[1m[vite][22m[39m [32mhmr update [39m[2m/src/App.tsx, /src/index.css[22m
[2m20:47:58[22m [36m[1m[vite][22m[39m [32mhmr update [39m[2m/src/App.tsx, /src/index.css[22m
[2m21:19:45[22m [36m[1m[vite][22m[39m [32mhmr update [39m[2m/src/components/VisualNovelStage.tsx, /src/index.css[22m
[2m21:19:52[22m [36m[1m[vite][22m[39m [32mhmr update [39m[2m/src/components/VisualNovelStage.tsx, /src/index.css[22m
[2m21:20:00[22m [36m[1m[vite][22m[39m [32mhmr update [39m[2m/src/components/VisualNovelStage.tsx, /src/index.css[22m
[2m21:20:14[22m [36m[1m[vite][22m[39m [32mhmr update [39m[2m/src/components/ActionPanel.tsx, /src/index.css[22m
[2m21:20:40[22m [36m[1m[vite][22m[39m [32mhmr update [39m[2m/src/styles/game.css[22m
[2m21:21:13[22m [36m[1m[vite][22m[39m [32mhmr update [39m[2m/src/App.tsx, /src/index.css[22m
[2m21:22:17[22m [36m[1m[vite][22m[39m [32mhmr update [39m[2m/src/components/VisualNovelStage.tsx, /src/index.css[22m
[2m21:22:25[22m [36m[1m[vite][22m[39m [32mhmr update [39m[2m/src/styles/game.css[22m
[2m21:26:01[22m [36m[1m[vite][22m[39m [32mhmr update [39m[2m/src/App.tsx, /src/index.css, /src/components/VisualNovelStage.tsx, /src/components/PortraitTestScreen.tsx[22m
[2m21:26:08[22m [36m[1m[vite][22m[39m [32mhmr update [39m[2m/src/App.tsx, /src/index.css, /src/components/VisualNovelStage.tsx, /src/components/PortraitTestScreen.tsx[22m
[2m21:58:46[22m [36m[1m[vite][22m[39m [32mhmr update [39m[2m/src/App.tsx, /src/index.css, /src/components/VisualNovelStage.tsx, /src/components/PortraitTestScreen.tsx[22m
[2m21:58:51[22m [36m[1m[vite][22m[39m [32mhmr update [39m[2m/src/App.tsx, /src/index.css, /src/components/VisualNovelStage.tsx, /src/components/PortraitTestScreen.tsx[22m
[2m21:58:56[22m [36m[1m[vite][22m[39m [32mhmr update [39m[2m/src/App.tsx, /src/index.css, /src/components/VisualNovelStage.tsx, /src/components/PortraitTestScreen.tsx[22m
[2m22:05:33[22m [36m[1m[vite][22m[39m [32mhmr update [39m[2m/src/App.tsx, /src/index.css[22m
[2m22:05:51[22m [36m[1m[vite][22m[39m [32mhmr update [39m[2m/src/App.tsx, /src/index.css[22m
[2m22:05:57[22m [36m[1m[vite][22m[39m [32mhmr update [39m[2m/src/App.tsx, /src/index.css[22m
[2m22:06:04[22m [36m[1m[vite][22m[39m [32mhmr update [39m[2m/src/App.tsx, /src/index.css[22m
[2m23:26:00[22m [36m[1m[vite][22m[39m [32mhmr update [39m[2m/src/App.tsx, /src/index.css, /src/components/VisualNovelStage.tsx, /src/components/PortraitTestScreen.tsx[22m
